2026-06-29T20:49:16 mixer: Failed to read mixer for "Default ALSA": no such mixer control: PCM
2026-06-29T20:50:48 mixer: Failed to read mixer for "Default ALSA": no such mixer control: PCM
2026-06-29T20:50:54 ffmpeg/mov,mp4,m4a,3gp,3g2,mj2: overread end of atom 'hdlr' by 12 bytes
2026-06-29T20:50:54 ffmpeg/mov,mp4,m4a,3gp,3g2,mj2: stream 0, timescale not set
2026-06-29T20:50:54 output: Failed to open mixer for "Default ALSA": no such mixer control: PCM
2026-06-29T20:50:58 ffmpeg/mov,mp4,m4a,3gp,3g2,mj2: overread end of atom 'hdlr' by 12 bytes
2026-06-29T20:50:58 ffmpeg/mov,mp4,m4a,3gp,3g2,mj2: stream 0, timescale not set
2026-06-29T20:50:58 ffmpeg/mov,mp4,m4a,3gp,3g2,mj2: overread end of atom 'hdlr' by 12 bytes
2026-06-29T20:50:58 ffmpeg/mov,mp4,m4a,3gp,3g2,mj2: stream 0, timescale not set
2026-06-29T20:55:22 output: Failed to open mixer for "Default ALSA": no such mixer control: PCM
2026-06-29T21:32:09 ffmpeg/mov,mp4,m4a,3gp,3g2,mj2: overread end of atom 'hdlr' by 12 bytes
2026-06-29T21:32:09 ffmpeg/mov,mp4,m4a,3gp,3g2,mj2: stream 0, timescale not set
2026-06-29T21:32:28 player: played "纸嫁衣广播剧/纸嫁衣3鸳鸯债上.m4a"
2026-06-29T21:32:28 ffmpeg/mov,mp4,m4a,3gp,3g2,mj2: overread end of atom 'hdlr' by 12 bytes
2026-06-29T21:32:28 ffmpeg/mov,mp4,m4a,3gp,3g2,mj2: stream 0, timescale not set
2026-06-29T21:32:28 ffmpeg/mov,mp4,m4a,3gp,3g2,mj2: overread end of atom 'hdlr' by 12 bytes
2026-06-29T21:32:28 ffmpeg/mov,mp4,m4a,3gp,3g2,mj2: stream 0, timescale not set
2026-06-29T22:04:33 ffmpeg/mov,mp4,m4a,3gp,3g2,mj2: overread end of atom 'hdlr' by 12 bytes
2026-06-29T22:04:33 ffmpeg/mov,mp4,m4a,3gp,3g2,mj2: stream 0, timescale not set
2026-06-29T22:04:50 player: played "纸嫁衣广播剧/纸嫁衣3鸳鸯债中.m4a"
2026-06-29T22:04:50 ffmpeg/mov,mp4,m4a,3gp,3g2,mj2: overread end of atom 'hdlr' by 12 bytes
2026-06-29T22:04:50 ffmpeg/mov,mp4,m4a,3gp,3g2,mj2: stream 0, timescale not set
2026-06-29T22:04:50 ffmpeg/mov,mp4,m4a,3gp,3g2,mj2: overread end of atom 'hdlr' by 12 bytes
2026-06-29T22:04:50 ffmpeg/mov,mp4,m4a,3gp,3g2,mj2: stream 0, timescale not set
2026-06-29T22:39:42 ffmpeg/mov,mp4,m4a,3gp,3g2,mj2: overread end of atom 'hdlr' by 12 bytes
2026-06-29T22:39:42 ffmpeg/mov,mp4,m4a,3gp,3g2,mj2: stream 0, timescale not set
2026-06-29T22:39:42 ffmpeg/mov,mp4,m4a,3gp,3g2,mj2: overread end of atom 'hdlr' by 12 bytes
2026-06-29T22:39:42 ffmpeg/mov,mp4,m4a,3gp,3g2,mj2: stream 0, timescale not set
2026-06-29T22:41:07 ffmpeg/mov,mp4,m4a,3gp,3g2,mj2: overread end of atom 'hdlr' by 12 bytes
2026-06-29T22:41:07 ffmpeg/mov,mp4,m4a,3gp,3g2,mj2: stream 0, timescale not set
2026-06-29T22:41:07 ffmpeg/mov,mp4,m4a,3gp,3g2,mj2: overread end of atom 'hdlr' by 12 bytes
2026-06-29T22:41:07 ffmpeg/mov,mp4,m4a,3gp,3g2,mj2: stream 0, timescale not set
2026-06-29T22:52:00 player: played "纸嫁衣广播剧/纸嫁衣3鸳鸯债下.m4a"
2026-07-05T14:48:02 mixer: Failed to read mixer for "Default ALSA": no such mixer control: PCM
2026-07-05T14:48:36 output: Failed to open mixer for "Default ALSA": no such mixer control: PCM
2026-07-05T14:53:31 player: played "To The Moon Series/Finding Paradise OST/58 Every Single Memory (by RIOTxRYKER).flac"
2026-07-05T14:54:15 update: added 大鱼海棠/大鱼（唱片版）.flac
2026-07-05T14:54:15 update: removing 大鱼海棠/大鱼 (唱片版).flac
2026-07-05T14:54:25 output: Failed to open mixer for "Default ALSA": no such mixer control: PCM
2026-07-05T14:59:42 player: played "大鱼海棠/大鱼（唱片版）.flac"
2026-07-05T14:59:42 output: Failed to open mixer for "Default ALSA": no such mixer control: PCM
2026-07-05T15:04:14 flac: FLAC__STREAM_DECODER_ERROR_STATUS_LOST_SYNC
2026-07-05T15:04:33 player: played "大鱼海棠/湫兮如风.flac"
2026-07-05T15:04:33 output: Failed to open mixer for "Default ALSA": no such mixer control: PCM
2026-07-05T15:04:42 player: played "大鱼海棠/在这个世界相遇.flac"
2026-07-05T15:04:42 output: Failed to open mixer for "Default ALSA": no such mixer control: PCM
2026-07-05T15:04:50 player: played "大鱼海棠/OST/41. 湫兮如风(Wind Whispering).wav"
2026-07-05T15:06:12 update: added / 雪见-仙凡之旅.wav
2026-07-05T15:06:15 output: Failed to open mixer for "Default ALSA": no such mixer control: PCM
2026-07-05T15:10:24 ffmpeg/libmodplug: Format libmodplug detected only with low score of 24, misdetection possible!
load_pat > can not open /usr/local/share/timidity/timidity.cfg, use environment variable MMPAT_PATH_TO_CFG for the directory
2026-07-05T15:10:53 player: played " 雪见-仙凡之旅.wav"
2026-07-05T15:21:46 mixer: Failed to read mixer for "Default ALSA": no such mixer control: PCM
2026-07-05T15:21:59 output: Failed to open mixer for "Default ALSA": no such mixer control: PCM
2026-07-05T15:26:08 ffmpeg/libmodplug: Format libmodplug detected only with low score of 24, misdetection possible!
load_pat > can not open /usr/local/share/timidity/timidity.cfg, use environment variable MMPAT_PATH_TO_CFG for the directory
2026-07-05T15:26:45 player: played " 雪见-仙凡之旅.wav"
2026-07-05T15:26:54 player: played "岁月成碑.abc"
2026-07-05T15:30:28 mixer: Failed to read mixer for "Default ALSA": no such mixer control: PCM
2026-07-05T15:31:20 output: Failed to open mixer for "Default ALSA": no such mixer control: PCM
2026-07-05T15:32:54 player: played "To The Moon Series/Finding Paradise OST/01 Finding Paradise - Trailer Theme.flac"
2026-07-05T15:32:54 output: Failed to open mixer for "Default ALSA": no such mixer control: PCM
2026-07-05T15:35:31 player: played "To The Moon Series/Finding Paradise OST/58 Every Single Memory (by RIOTxRYKER).flac"
2026-07-05T15:35:39 output: Failed to open mixer for "Default ALSA": no such mixer control: PCM
2026-07-05T15:38:42 player: played "大鱼海棠/大鱼（唱片版）.flac"
2026-07-05T15:38:47 output: Failed to open mixer for "Default ALSA": no such mixer control: PCM
2026-07-05T15:42:00 update: added /偏爱.flac
2026-07-05T15:42:41 player: played "三国杀/长乐调.flac"
2026-07-05T15:42:44 player: played "三国杀/长乐调 伴奏.flac"
2026-07-05T15:42:44 output: Failed to open mixer for "Default ALSA": no such mixer control: PCM
2026-07-05T15:46:13 update: added /长安劫 (琵琶版).ogg
2026-07-05T15:46:16 player: played "偏爱.flac"
2026-07-05T15:46:17 player: played " 雪见-仙凡之旅.wav"
2026-07-05T15:46:17 output: Failed to open mixer for "Default ALSA": no such mixer control: PCM
2026-07-05T15:46:18 alsa_output: Decoder is too slow; playing silence to avoid xrun
2026-07-05T15:47:32 update: added /转瞬朝暮 (片尾曲) .flac
2026-07-05T15:47:36 player: played "长安劫 (琵琶版).ogg"
2026-07-05T15:47:36 output: Failed to open mixer for "Default ALSA": no such mixer control: PCM
2026-07-05T15:47:37 alsa_output: Decoder is too slow; playing silence to avoid xrun
2026-07-05T15:49:56 ffmpeg/libmodplug: Format libmodplug detected only with low score of 24, misdetection possible!
load_pat > can not open /usr/local/share/timidity/timidity.cfg, use environment variable MMPAT_PATH_TO_CFG for the directory
2026-07-05T15:50:05 player: played "长安劫 (琵琶版).ogg"
2026-07-05T15:50:06 output: Failed to open mixer for "Default ALSA": no such mixer control: PCM
2026-07-05T15:50:09 player: played "岁月成碑.abc"
2026-07-05T15:50:09 output: Failed to open mixer for "Default ALSA": no such mixer control: PCM
2026-07-05T15:50:53 player: played "转瞬朝暮 (片尾曲) .flac"
2026-07-05T15:50:57 output: Failed to open mixer for "Default ALSA": no such mixer control: PCM
2026-07-05T15:54:26 player: played "转瞬朝暮 (片尾曲) .flac"
2026-07-05T15:55:01 update: removing 长安劫 (琵琶版).ogg
2026-07-05T15:55:01 update: removing 偏爱.flac
2026-07-05T15:55:01 update: removing  雪见-仙凡之旅.wav
2026-07-05T15:55:01 update: removing 转瞬朝暮 (片尾曲) .flac
2026-07-29T14:48:21 mixer: Failed to read mixer for "Default ALSA": no such mixer control: PCM
2026-07-29T14:48:29 exception: Failed to open /home/beiming/.config/mpd/playlist: No such file or directory
2026-07-29T14:48:39 output: Failed to open mixer for "Default ALSA": no such mixer control: PCM
2026-07-29T14:58:26 player: played "大鱼海棠/大鱼（唱片版）.flac"
2026-07-29T14:59:03 mixer: Failed to read mixer for "Default ALSA": no such mixer control: PCM
2026-07-29T14:59:05 exception: Failed to open /home/beiming/.config/mpd/playlist: No such file or directory
2026-07-29T15:21:51 mixer: Failed to read mixer for "Default ALSA": no such mixer control: PCM
2026-07-29T15:21:53 exception: Failed to open /home/beiming/.config/mpd/playlist: No such file or directory
2026-07-29T15:22:06 output: Failed to open mixer for "Default ALSA": no such mixer control: PCM
2026-07-29T15:27:24 player: played "大鱼海棠/大鱼（唱片版）.flac"
2026-07-29T15:27:24 output: Failed to open mixer for "Default ALSA": no such mixer control: PCM
2026-07-29T15:31:54 flac: FLAC__STREAM_DECODER_ERROR_STATUS_LOST_SYNC
2026-07-29T15:32:14 player: played "大鱼海棠/湫兮如风.flac"
2026-07-29T15:32:15 output: Failed to open mixer for "Default ALSA": no such mixer control: PCM
2026-07-29T15:36:44 flac: FLAC__STREAM_DECODER_ERROR_STATUS_LOST_SYNC
2026-07-29T15:37:24 player: played "大鱼海棠/在这个世界相遇.flac"
2026-07-29T16:21:28 exception: Failed to open /home/beiming/.config/mpd/playlist: No such file or directory
2026-07-29T16:21:36 output: Failed to open mixer for "Default ALSA": no such mixer control: PCM
2026-07-29T16:25:05 player: played "大鱼海棠/大鱼（唱片版）.flac"
2026-07-29T16:26:19 mixer: Failed to read mixer for "Default ALSA": no such mixer control: PCM
2026-07-29T16:26:20 exception: Failed to open /home/beiming/.config/mpd/playlist: No such file or directory
2026-07-29T16:26:46 output: Failed to open mixer for "Default ALSA": no such mixer control: PCM
2026-07-29T16:28:26 player: played "大鱼海棠/大鱼（唱片版）.flac"
2026-07-29T16:28:26 output: Failed to open mixer for "Default ALSA": no such mixer control: PCM
2026-07-29T16:33:43 player: played "大鱼海棠/大鱼（唱片版）.flac"
2026-07-29T16:33:43 output: Failed to open mixer for "Default ALSA": no such mixer control: PCM
2026-07-29T16:38:07 player: played "大鱼海棠/湫兮如风.flac"
2026-07-29T16:38:07 output: Failed to open mixer for "Default ALSA": no such mixer control: PCM
2026-07-29T16:41:35 player: played "大鱼海棠/OST/01. 椿的梦 序曲(Opening).wav"
2026-07-29T16:42:57 player: played "大鱼海棠/OST/02. 腾雾奔霄(Horse Riding, Before Ceremony).wav"
2026-07-29T16:45:31 player: played "大鱼海棠/OST/03. 成年礼(Ceremony).wav"
2026-07-29T16:46:26 player: played "大鱼海棠/OST/04. 海天之门(Ceremony Climax).wav"
2026-07-29T16:48:08 player: played "大鱼海棠/OST/05. 美丽的人类世界(Encounter Human World).wav"
2026-07-29T16:49:49 player: played "大鱼海棠/OST/06. 阳光少年(Vigor Kun).wav"
2026-07-29T16:50:48 player: played "大鱼海棠/OST/07. 暴风雨的第七日(Chun's Crisis).wav"
2026-07-29T16:52:23 player: played "大鱼海棠/OST/08. 不被信任的少年(Kun's Accident).wav"
2026-07-29T16:53:45 player: played "大鱼海棠/OST/09. 少年之死(Kun's Death).wav"
2026-07-29T16:54:57 player: played "大鱼海棠/OST/10. 爷爷的启示(Old Man's Enlightenment).wav"
2026-07-29T16:57:17 player: played "大鱼海棠/OST/11. 醒来(Chun's Awakening).wav"
2026-07-29T16:58:21 player: played "大鱼海棠/OST/12. 椿的决心(Chun's Decision).wav"
2026-07-29T16:59:01 player: played "大鱼海棠/OST/13. 三手摆渡者(Coming Boat).wav"
2026-07-29T17:00:10 player: played "大鱼海棠/OST/14. 去往如升楼(To Soul Madam's Palace).wav"
2026-07-29T17:04:59 player: played "大鱼海棠/OST/15. 椿与灵婆的交易(Deal With Soul Madam).wav"
2026-07-29T17:07:18 player: played "大鱼海棠/OST/16. 老年椿之梦(Godmother Chun's Dream).wav"
2026-07-29T17:08:19 player: played "大鱼海棠/OST/17. 在毛毛细雨中飞翔(Chun & Kun's Pleasure Time).wav"
2026-07-29T17:08:42 player: played "大鱼海棠/OST/18. 鲲在长大(Kun's Growing Process).wav"
2026-07-29T17:09:20 player: played "大鱼海棠/OST/19. 鼠婆子(Rat Madam's Appearance).wav"
2026-07-29T17:09:59 player: played "大鱼海棠/OST/20. 鼠婆之舞(Rat Madam's Dance).wav"
2026-07-29T17:10:58 player: played "大鱼海棠/OST/21. 双头蛇(Fight Against Big Snake).wav"
2026-07-29T17:11:26 player: played "大鱼海棠/OST/22. 爷爷的黄昏(Dying Old Man).wav"
2026-07-29T17:13:52 player: played "大鱼海棠/OST/23. 爷爷告别的话(Old Man's Last Words).wav"
2026-07-29T17:15:12 player: played "大鱼海棠/OST/24. 生长的海棠树(Growing Crabapple Tree).wav"
2026-07-29T17:16:36 player: played "大鱼海棠/OST/25. 背着椿鲲的湫(Qiu Carry Chun & Kun).wav"
2026-07-29T17:19:45 player: played "大鱼海棠/OST/26. 椿之梦(Chun's Dream).wav"
2026-07-29T17:22:23 player: played "大鱼海棠/OST/27. 湫与灵婆的交易(Qiu Deals With Soul Madam).wav"
2026-07-29T17:27:46 player: played "大鱼海棠/OST/28. 湫之悲(Qiu's Distress).wav"
2026-07-29T17:29:43 player: played "大鱼海棠/OST/29. 无畏的湫(Brave Qiu).wav"
2026-07-29T17:31:58 player: played "大鱼海棠/OST/30. 逍遥游(Drifting Chun & Kun).wav"
2026-07-29T17:35:00 player: played "大鱼海棠/OST/31. 逃离(Escaping Chun & Kun).wav"
2026-07-29T17:40:08 player: played "大鱼海棠/OST/32. 巨海棠(Chun's Destress And Big Crabapple).wav"
2026-07-29T17:40:36 player: played "大鱼海棠/OST/33. 无家可归的鲲(Wandering Kun).wav"
2026-08-26T00:01:52 mixer: Failed to read mixer for "Default ALSA": no such mixer control: PCM
2026-08-26T00:02:27 exception: Failed to open /home/beiming/.config/mpd/playlist: No such file or directory
2026-08-26T00:02:27 update: updating 大鱼海棠/大鱼（唱片版）.flac
2026-08-26T00:02:27 update: added 疑案追声/疑案追声中元节dlc刘冬冬自白.flac
2026-08-26T00:02:27 update: added 疑案追声/Unheard.wav
2026-08-26T00:02:27 update: added 疑案追声/Unheard(final drop).wav
2026-08-26T00:02:27 update: added 疑案追声/Unheard(smooth).wav
2026-08-26T00:02:27 update: added 疑案追声/Unheard(vocal).wav
2026-08-26T00:02:28 update: added A Bird Story OST/02. Yesterday.mp3
2026-08-26T00:02:28 update: added A Bird Story OST/05. Home.mp3
2026-08-26T00:02:28 update: added A Bird Story OST/10. The Rain Song.mp3
2026-08-26T00:02:28 update: added A Bird Story OST/11. [Cue] Mud Dash.mp3
2026-08-26T00:02:28 update: added A Bird Story OST/12. [Cue] Mud Dash (Piano).mp3
2026-08-26T00:02:28 update: added A Bird Story OST/13. [Cue] Bird Motif.mp3
2026-08-26T00:02:28 update: added A Bird Story OST/14. My Home.mp3
2026-08-26T00:02:28 update: added A Bird Story OST/15. Light as a Feather.mp3
2026-08-26T00:02:28 update: added A Bird Story OST/16. Hide & Seek.mp3
2026-08-26T00:02:28 update: added A Bird Story OST/17. Floating By.mp3
2026-08-26T00:02:28 update: added A Bird Story OST/18. Fleeting Glimpse.mp3
2026-08-26T00:02:28 update: added A Bird Story OST/19. Hereupon.mp3
2026-08-26T00:02:28 update: added A Bird Story OST/20. Today.mp3
2026-08-26T00:02:28 update: added A Bird Story OST/21. home 2 cue.mp3
2026-08-26T00:02:28 update: added A Bird Story OST/22. Paper Plane.mp3
2026-08-26T00:02:28 update: added A Bird Story OST/23. On the Balcony.mp3
2026-08-26T00:02:28 update: added A Bird Story OST/24. Raggedy Sax.mp3
2026-08-26T00:02:28 update: added A Bird Story OST/25. Unhealed Wing.mp3
2026-08-26T00:02:28 update: added A Bird Story OST/26. Heavy Rain Walk.mp3
2026-08-26T00:02:28 update: added A Bird Story OST/27. Up Ahead.mp3
2026-08-26T00:02:28 update: added A Bird Story OST/28. Thunder Chase.mp3
2026-08-26T00:02:28 update: added A Bird Story OST/29. Tempest.mp3
2026-08-26T00:02:28 update: added A Bird Story OST/04. Another Stroll.mp3
2026-08-26T00:02:28 update: added A Bird Story OST/30. The Fall.mp3
2026-08-26T00:02:28 update: added A Bird Story OST/31. Balcony Days.mp3
2026-08-26T00:02:28 update: added A Bird Story OST/32. last balcony pt 1 (refined).mp3
2026-08-26T00:02:28 update: added A Bird Story OST/33. last balcony pt 2 (refined).mp3
2026-08-26T00:02:28 update: added A Bird Story OST/34. Bird Motif - 2.mp3
2026-08-26T00:02:28 update: added A Bird Story OST/35. Tomorrow (Credit).mp3
2026-08-26T00:02:28 update: added A Bird Story OST/36. Finding Paradise (Preview).mp3
2026-08-26T00:02:28 update: added A Bird Story OST/37. At the Gates (Holiday Special).mp3
2026-08-26T00:02:28 update: added A Bird Story OST/38. Bestest Detectives in the World - Winter Vers. (Holiday Special).mp3
2026-08-26T00:02:28 update: added A Bird Story OST/39. To the Moon - For River - Minigame Vers. (Holiday Special).mp3
2026-08-26T00:02:28 update: added A Bird Story OST/06. bef fall music.mp3
2026-08-26T00:02:28 update: added A Bird Story OST/40. A Bird Story (Piano).mp3
2026-08-26T00:02:28 update: added A Bird Story OST/07. after fall music.mp3
2026-08-26T00:02:28 update: added A Bird Story OST/08. Bright & Early.mp3
2026-08-26T00:02:28 update: added A Bird Story OST/09. [Cue] Muffins.mp3
2026-08-26T00:02:28 update: added A Bird Story OST/01. A Bird Story (Title Theme).mp3
2026-08-26T00:02:28 update: added A Bird Story OST/03. Yesterday (Reversing).mp3
2026-08-26T00:02:28 update: added Finding Paradise OST/01 Finding Paradise - Trailer Theme.flac
2026-08-26T00:02:28 update: added Finding Paradise OST/02 Finding Paradise - Title Theme (Short Vers.).flac
2026-08-26T00:02:28 update: added Finding Paradise OST/03 A Different Kind of Work.flac
2026-08-26T00:02:28 update: added Finding Paradise OST/04 Serenity.flac
2026-08-26T00:02:28 update: added Finding Paradise OST/05 Neil's Machine (Vibraphone).flac
2026-08-26T00:02:28 update: added Finding Paradise OST/06 Bestest Detectives in the World (Outdoor).flac
2026-08-26T00:02:28 update: added Finding Paradise OST/07 Bestest Detectives in the World (Indoor).flac
2026-08-26T00:02:28 update: added Finding Paradise OST/08 A Different Kind of Work (Celesta).flac
2026-08-26T00:02:28 update: added Finding Paradise OST/09 Neil's Machine.flac
2026-08-26T00:02:28 update: added Finding Paradise OST/10 Veil of Perception.flac
2026-08-26T00:02:28 update: added Finding Paradise OST/11 Having Lived (Finding Paradise Version).flac
2026-08-26T00:02:28 update: added Finding Paradise OST/12 Where Are You.flac
2026-08-26T00:02:28 update: added Finding Paradise OST/13 Paper Plane (from A Bird Story).flac
2026-08-26T00:02:28 update: added Finding Paradise OST/14 Time is a Place (Celesta Vers.).flac
2026-08-26T00:02:28 update: added Finding Paradise OST/15 Where Are You (Duet Version).flac
2026-08-26T00:02:28 update: added Finding Paradise OST/16 Home (from A Bird Story).flac
2026-08-26T00:02:28 update: added Finding Paradise OST/17 Across the Balcony (Celesta).flac
2026-08-26T00:02:28 update: added Finding Paradise OST/18 Time is a Place (Guitar).flac
2026-08-26T00:02:28 update: added Finding Paradise OST/19 Across the Balcony.flac
2026-08-26T00:02:28 update: added Finding Paradise OST/20 Such Inspire Much Motivate.flac
2026-08-26T00:02:28 update: added Finding Paradise OST/21 The Right Amount of Dumb.flac
2026-08-26T00:02:28 update: added Finding Paradise OST/22 Time is a Place (Piano).flac
2026-08-26T00:02:28 update: added Finding Paradise OST/23 Kinda Like an Indie French Film.flac
2026-08-26T00:02:28 update: added Finding Paradise OST/24 The Scale Theme (Piano & Cello Vers.).flac
2026-08-26T00:02:28 update: added Finding Paradise OST/25 Wind from Our Younger Days.flac
2026-08-26T00:02:28 update: added Finding Paradise OST/26 The Scale Theme (Guitar & Cello Vers.).flac
2026-08-26T00:02:28 update: added Finding Paradise OST/27 The Scale Theme.flac
2026-08-26T00:02:28 update: added Finding Paradise OST/28 Paradise (Guitar Vers.).flac
2026-08-26T00:02:28 update: added Finding Paradise OST/29 Hospital Rush.flac
2026-08-26T00:02:28 update: added Finding Paradise OST/30 A Moment to Sink In.flac
2026-08-26T00:02:28 update: added Finding Paradise OST/31 Time is a Place.flac
2026-08-26T00:02:28 update: added Finding Paradise OST/32 From the Balcony (Finding Paradise Vers.).flac
2026-08-26T00:02:28 update: added Finding Paradise OST/33 The Right Amount of Dumb (Vers. 2).flac
2026-08-26T00:02:28 update: added Finding Paradise OST/34 Think Quietly.flac
2026-08-26T00:02:28 update: added Finding Paradise OST/35 Time is a Place (Rehearsal Vers.).flac
2026-08-26T00:02:28 update: added Finding Paradise OST/36 Floating By (from A Bird Story).flac
2026-08-26T00:02:28 update: added Finding Paradise OST/37 Paradise (Tropical Vers.).flac
2026-08-26T00:02:28 update: added Finding Paradise OST/38 Days Go By.flac
2026-08-26T00:02:28 update: added Finding Paradise OST/39 What You're Up To.flac
2026-08-26T00:02:28 update: added Finding Paradise OST/40 The Mirror Lied (from The Mirror Lied).flac
2026-08-26T00:02:28 update: added Finding Paradise OST/41 Single-Thread Firewall.flac
2026-08-26T00:02:28 update: added Finding Paradise OST/42 Something Amiss.flac
2026-08-26T00:02:28 update: added Finding Paradise OST/43 HNNNNNNGH.flac
2026-08-26T00:02:28 update: added Finding Paradise OST/44 Power Overwhelming.flac
2026-08-26T00:02:28 update: added Finding Paradise OST/45 On the Run.flac
2026-08-26T00:02:28 update: added Finding Paradise OST/46 Final Confrontation.flac
2026-08-26T00:02:28 update: added Finding Paradise OST/47 Breeze (from Quintessence - TBV).flac
2026-08-26T00:02:28 update: added Finding Paradise OST/48 The Scale Theme (Cello & Guitar Vers. 2).flac
2026-08-26T00:02:28 update: added Finding Paradise OST/49 Faye's Theme.flac
2026-08-26T00:02:28 update: added Finding Paradise OST/50 Time is a Place (Void Vers.) -Unused-.flac
2026-08-26T00:02:28 update: added Finding Paradise OST/51 In the Way.flac
2026-08-26T00:02:28 update: added Finding Paradise OST/52 The Fiction We Tell Ourselves.flac
2026-08-26T00:02:28 update: added Finding Paradise OST/53 Bestest Detectives (Reprise).flac
2026-08-26T00:02:28 update: added Finding Paradise OST/54 Wish My Life Away (by Laura Shigihara).flac
2026-08-26T00:02:28 update: added Finding Paradise OST/55 Faye's Theme (Piano Vers.).flac
2026-08-26T00:02:28 update: added Finding Paradise OST/56 Going Home.flac
2026-08-26T00:02:28 update: added Finding Paradise OST/57 Ending Theme.flac
2026-08-26T00:02:28 update: added Finding Paradise OST/58 Every Single Memory (by RIOTxRYKER).flac
2026-08-26T00:02:28 update: added Impostor Factory OST/01. Trailer Theme - Kan Gao.mp3
2026-08-26T00:02:28 update: added Impostor Factory OST/02. Impostor Factory - Title Theme - Kan Gao.mp3
2026-08-26T00:02:28 update: added Impostor Factory OST/03. A Shroud of Rain - Kan Gao.mp3
2026-08-26T00:02:28 update: added Impostor Factory OST/04. Make Yourself at Manor - Kan Gao.mp3
2026-08-26T00:02:28 update: added Impostor Factory OST/05. The Observer - Kan Gao.mp3
2026-08-26T00:02:28 update: added Impostor Factory OST/06. Fuzzy Tumbles - Kan Gao.mp3
2026-08-26T00:02:28 update: added Impostor Factory OST/07. First Murder - Kan Gao.mp3
2026-08-26T00:02:28 update: added Impostor Factory OST/08. The Guests - Kan Gao.mp3
2026-08-26T00:02:28 update: added Impostor Factory OST/09. Twice a Stranger - Kan Gao.mp3
2026-08-26T00:02:28 update: added Impostor Factory OST/10. Something Amiss [from To the Moon] - Kan Gao.mp3
2026-08-26T00:02:28 update: added Impostor Factory OST/11. The Guests (Decayed Vers.) - Kan Gao.mp3
2026-08-26T00:02:28 update: added Impostor Factory OST/12. Tangents of Peculiarity - Kan Gao.mp3
2026-08-26T00:02:28 update: added Impostor Factory OST/13. To Chase a Murderer - Kan Gao.mp3
2026-08-26T00:02:28 update: added Impostor Factory OST/14. Cat Scary - Kan Gao.mp3
2026-08-26T00:02:28 update: added Impostor Factory OST/15. The Guests (Decayed Version 2) - Kan Gao.mp3
2026-08-26T00:02:28 update: added Impostor Factory OST/16. Vinyl Record - Kan Gao.mp3
2026-08-26T00:02:28 update: added Impostor Factory OST/17. The Asylum - Kan Gao.mp3
2026-08-26T00:02:28 update: added Impostor Factory OST/18. Twenty-Six Past Three - Kan Gao.mp3
2026-08-26T00:02:28 update: added Impostor Factory OST/19. Twenty-Six Past Three (Void Version) - Kan Gao.mp3
2026-08-26T00:02:28 update: added Impostor Factory OST/20. Earth or Sky (Day Vers.) - Kan Gao.mp3
2026-08-26T00:02:28 update: added Impostor Factory OST/21. Left to Chance - Kan Gao.mp3
2026-08-26T00:02:28 update: added Impostor Factory OST/22. Somber Steps - Kan Gao.mp3
2026-08-26T00:02:28 update: added Impostor Factory OST/23. Earth or Sky (Night Vers.) - Kan Gao.mp3
2026-08-26T00:02:28 update: added Impostor Factory OST/24. Another Morning - Kan Gao.mp3
2026-08-26T00:02:28 update: added Impostor Factory OST/25. Quincy - Kan Gao.mp3
2026-08-26T00:02:28 update: added Impostor Factory OST/26. Library Days - Kan Gao.mp3
2026-08-26T00:02:28 update: added Impostor Factory OST/27. Finding the Notes - Kan Gao.mp3
2026-08-26T00:02:28 update: added Impostor Factory OST/28. See the World (Piano Vers.) - Kan Gao.mp3
2026-08-26T00:02:28 update: added Impostor Factory OST/29. The Earth to Your Sky - Kan Gao.mp3
2026-08-26T00:02:28 update: added Impostor Factory OST/30. Serenity [from To the Moon] - Kan Gao.mp3
2026-08-26T00:02:28 update: added Impostor Factory OST/31. Double O Six Point Five - Kan Gao.mp3
2026-08-26T00:02:28 update: added Impostor Factory OST/32. Basement Tour - Kan Gao.mp3
2026-08-26T00:02:28 update: added Impostor Factory OST/33. The Machine - Kan Gao.mp3
2026-08-26T00:02:28 update: added Impostor Factory OST/34. Days - Kan Gao.mp3
2026-08-26T00:02:28 update: added Impostor Factory OST/35. Back Home - Kan Gao.mp3
2026-08-26T00:02:28 update: added Impostor Factory OST/36. See the World   - Kan Gao.mp3
2026-08-26T00:02:28 update: added Impostor Factory OST/37. Airsick - Kan Gao.mp3
2026-08-26T00:02:28 update: added Impostor Factory OST/38. Predisposition (Piano Vers.) - Kan Gao.mp3
2026-08-26T00:02:28 update: added Impostor Factory OST/39. A Decision For Two - Kan Gao.mp3
2026-08-26T00:02:28 update: added Impostor Factory OST/40. Heartbeat (Piano Vers.) - Kan Gao.mp3
2026-08-26T00:02:28 update: added Impostor Factory OST/41. Heartbeat (Music Box Vers.) - Kan Gao.mp3
2026-08-26T00:02:28 update: added Impostor Factory OST/42. Predisposition  - Kan Gao.mp3
2026-08-26T00:02:28 update: added Impostor Factory OST/43. A Decision Of Two - Kan Gao.mp3
2026-08-26T00:02:28 update: added Impostor Factory OST/44. Waking Up (Piano Vers.) - Kan Gao.mp3
2026-08-26T00:02:28 update: added Impostor Factory OST/45. Heartbeat - Kan Gao.mp3
2026-08-26T00:02:28 update: added Impostor Factory OST/46. Just a Lavender - Kan Gao.mp3
2026-08-26T00:02:28 update: added Impostor Factory OST/47. Path of a Life - Kan Gao.mp3
2026-08-26T00:02:28 update: added Impostor Factory OST/48. Beginning of an End - Kan Gao.mp3
2026-08-26T00:02:28 update: added Impostor Factory OST/49. Make Yourself at Manor (Void Vers.) - Kan Gao.mp3
2026-08-26T00:02:28 update: added Impostor Factory OST/50. Single-Threaded Firewall [from Finding Paradise] - Kan Gao.mp3
2026-08-26T00:02:28 update: added Impostor Factory OST/51. The Hypothesis - Kan Gao.mp3
2026-08-26T00:02:28 update: added Impostor Factory OST/52. The Final Test - Kan Gao.mp3
2026-08-26T00:02:28 update: added Impostor Factory OST/53. Long Way Up - Kan Gao.mp3
2026-08-26T00:02:28 update: added Impostor Factory OST/54. A World Beyond - Kan Gao.mp3
2026-08-26T00:02:28 update: added Impostor Factory OST/55. Waking Up - Kan Gao.mp3
2026-08-26T00:02:28 update: added Impostor Factory OST/56. The Mirror Lied [from The Mirror Lied] - Kan Gao.mp3
2026-08-26T00:02:28 update: added Impostor Factory OST/57. All There Is - Kan Gao.mp3
2026-08-26T00:02:28 update: added Impostor Factory OST/58. One Last Trip - Kan Gao.mp3
2026-08-26T00:02:28 update: added Impostor Factory OST/59. A Reality Somewhere (Ending Suite) - Kan Gao.mp3
2026-08-26T00:02:28 update: added Impostor Factory OST/60. Lullaby from a Star (Credit Theme feat. Pealeaf) - Kan Gao.mp3
2026-08-26T00:02:28 update: added Impostor Factory OST/61. Great Wide Unknown (Bonus Song) - Pealeaf.mp3
2026-08-26T00:02:28 update: added Just A To the Moon Series Beach OST/01. (Trailer Theme) Just a To the Moon Series Beach Episode.flac
2026-08-26T00:02:28 update: added Just A To the Moon Series Beach OST/02. (Title Theme) Just a To the Moon Series Beach Episode.flac
2026-08-26T00:02:28 update: added Just A To the Moon Series Beach OST/03. The Day Off (Bus Map Music).flac
2026-08-26T00:02:28 update: added Just A To the Moon Series Beach OST/04. For River - Lobby Piano Version.flac
2026-08-26T00:02:28 update: added Just A To the Moon Series Beach OST/05. Born a Stranger - Lobby Piano Version.flac
2026-08-26T00:02:28 update: added Just A To the Moon Series Beach OST/06. Time is a Place - Lobby Piano Version.flac
2026-08-26T00:02:28 update: added Just A To the Moon Series Beach OST/07. Faye's Theme - Lobby Piano Version.flac
2026-08-26T00:02:28 update: added Just A To the Moon Series Beach OST/08. Lullaby from a Star - Lobby Piano Version.flac
2026-08-26T00:02:28 update: added Just A To the Moon Series Beach OST/09. To Realize (Quintessence) - Lobby Piano Version.flac
2026-08-26T00:02:28 update: added Just A To the Moon Series Beach OST/10. Envy (Quintessence) - Lobby Piano Version.flac
2026-08-26T00:02:28 update: added Just A To the Moon Series Beach OST/11. Kaire's Theme (Quintessence) - Lobby Piano Version.flac
2026-08-26T00:02:28 update: added Just A To the Moon Series Beach OST/12. Arcade - Bestest Hero.flac
2026-08-26T00:02:28 update: added Just A To the Moon Series Beach OST/13. Victory Theme - Eva.flac
2026-08-26T00:02:28 update: added Just A To the Moon Series Beach OST/14. Victory Theme - Neil.flac
2026-08-26T00:02:28 update: added Just A To the Moon Series Beach OST/15. Victory Theme - Roxie.flac
2026-08-26T00:02:28 update: added Just A To the Moon Series Beach OST/16. Victory Theme - Rob.flac
2026-08-26T00:02:28 update: added Just A To the Moon Series Beach OST/17. To the Moon Lofi Medley.flac
2026-08-26T00:02:28 update: added Just A To the Moon Series Beach OST/18. Finding Paradise Lofi Medley.flac
2026-08-26T00:02:28 update: added Just A To the Moon Series Beach OST/19. Impostor Factory Lofi Medley.flac
2026-08-26T00:02:28 update: added Just A To the Moon Series Beach OST/20. Neil and Eva Lofi Medley.flac
2026-08-26T00:02:28 update: added Just A To the Moon Series Beach OST/21. World in a Memory.flac
2026-08-26T00:02:28 update: added Just A To the Moon Series Beach OST/22. I Still Remember Everything.flac
2026-08-26T00:02:28 update: added To the Moon OST/01 To the Moon - Main Theme.flac
2026-08-26T00:02:28 update: added To the Moon OST/02 Between a Squirrel and a Tree.flac
2026-08-26T00:02:28 update: added To the Moon OST/03 Spiral of Secrets.flac
2026-08-26T00:02:28 update: added To the Moon OST/04 For River - Piano (Sarah & Tommy's Version).flac
2026-08-26T00:02:28 update: added To the Moon OST/05 Bestest Detectives in the World.flac
2026-08-26T00:02:28 update: added To the Moon OST/06 Too Bad So Sad.flac
2026-08-26T00:02:28 update: added To the Moon OST/07 Teddy.flac
2026-08-26T00:02:28 update: added To the Moon OST/08 Uncharted Realms.flac
2026-08-26T00:02:28 update: added To the Moon OST/09 Having Lived.flac
2026-08-26T00:02:28 update: added To the Moon OST/10 Moonwisher.flac
2026-08-26T00:02:28 update: added To the Moon OST/11 Born a Stranger.flac
2026-08-26T00:02:28 update: added To the Moon OST/12 For River - Piano (Johnny's Version).flac
2026-08-26T00:02:28 update: added To the Moon OST/13 Lament of a Stranger.flac
2026-08-26T00:02:28 update: added To the Moon OST/14 Everything's Alright (Music Box).flac
2026-08-26T00:02:28 update: added To the Moon OST/15 Moongazer.flac
2026-08-26T00:02:28 update: added To the Moon OST/16 Anya by the Stars.flac
2026-08-26T00:02:28 update: added To the Moon OST/17 Take Me Anywhere.flac
2026-08-26T00:02:28 update: added To the Moon OST/18 Warning (AKA best track ever).flac
2026-08-26T00:02:28 update: added To the Moon OST/19 Beta-B.flac
2026-08-26T00:02:28 update: added To the Moon OST/20 World's Smallest Ferris Wheel.flac
2026-08-26T00:02:28 update: added To the Moon OST/21 Once Upon a Memory.flac
2026-08-26T00:02:28 update: added To the Moon OST/22 Once Upon a Memory (Piano).flac
2026-08-26T00:02:28 update: added To the Moon OST/23 Everything's Alright.flac
2026-08-26T00:02:28 update: added To the Moon OST/24 Everything's Alright (Reprise).flac
2026-08-26T00:02:28 update: added To the Moon OST/25 Tomorrow.flac
2026-08-26T00:02:28 update: added To the Moon OST/26 Launch.flac
2026-08-26T00:02:28 update: added To the Moon OST/27 To the Moon  - Piano (Ending Version).flac
2026-08-26T00:02:28 update: added To the Moon OST/28 Eva's Ringtone.flac
2026-08-26T00:02:28 update: added To the Moon OST/29 Trailer Theme - Part 1.flac
2026-08-26T00:02:28 update: added To the Moon OST/30 Trailer Theme - Part 2 (feat. Laura Shigihara).flac
2026-08-26T00:02:28 update: added To the Moon OST/31 Trailer Theme - Part 2 (Instrumental).flac
2026-08-26T00:02:28 update: added To the Moon OST/32 For River - Holiday Edition.flac
2026-08-26T00:02:28 update: added To the Moon OST/33. Everything's Alright (Bonus Version).flac
2026-08-26T00:02:28 update: added /大鱼（唱片版） 初耳TRUTHEAR GATE(杨仕64单+宁梵MS42套) 模拟 爱珈声学 升华sublimation(外白半透导管黑).wav
2026-08-26T00:02:28 update: removing To The Moon Series/Impostor Factory OST/60. Lullaby from a Star (Credit Theme feat. Pealeaf) - Kan Gao.mp3
2026-08-26T00:02:28 update: removing To The Moon Series/Impostor Factory OST/59. A Reality Somewhere (Ending Suite) - Kan Gao.mp3
2026-08-26T00:02:28 update: removing To The Moon Series/Impostor Factory OST/58. One Last Trip - Kan Gao.mp3
2026-08-26T00:02:28 update: removing To The Moon Series/Impostor Factory OST/57. All There Is - Kan Gao.mp3
2026-08-26T00:02:28 update: removing To The Moon Series/Impostor Factory OST/56. The Mirror Lied [from The Mirror Lied] - Kan Gao.mp3
2026-08-26T00:02:28 update: removing To The Moon Series/Impostor Factory OST/55. Waking Up - Kan Gao.mp3
2026-08-26T00:02:28 update: removing To The Moon Series/Impostor Factory OST/54. A World Beyond - Kan Gao.mp3
2026-08-26T00:02:28 update: removing To The Moon Series/Impostor Factory OST/53. Long Way Up - Kan Gao.mp3
2026-08-26T00:02:28 update: removing To The Moon Series/Impostor Factory OST/52. The Final Test - Kan Gao.mp3
2026-08-26T00:02:28 update: removing To The Moon Series/Impostor Factory OST/51. The Hypothesis - Kan Gao.mp3
2026-08-26T00:02:28 update: removing To The Moon Series/Impostor Factory OST/50. Single-Threaded Firewall [from Finding Paradise] - Kan Gao.mp3
2026-08-26T00:02:28 update: removing To The Moon Series/Impostor Factory OST/49. Make Yourself at Manor (Void Vers.) - Kan Gao.mp3
2026-08-26T00:02:28 update: removing To The Moon Series/Impostor Factory OST/48. Beginning of an End - Kan Gao.mp3
2026-08-26T00:02:28 update: removing To The Moon Series/Impostor Factory OST/47. Path of a Life - Kan Gao.mp3
2026-08-26T00:02:28 update: removing To The Moon Series/Impostor Factory OST/46. Just a Lavender - Kan Gao.mp3
2026-08-26T00:02:28 update: removing To The Moon Series/Impostor Factory OST/45. Heartbeat - Kan Gao.mp3
2026-08-26T00:02:28 update: removing To The Moon Series/Impostor Factory OST/44. Waking Up (Piano Vers.) - Kan Gao.mp3
2026-08-26T00:02:28 update: removing To The Moon Series/Impostor Factory OST/43. A Decision Of Two - Kan Gao.mp3
2026-08-26T00:02:28 update: removing To The Moon Series/Impostor Factory OST/42. Predisposition  - Kan Gao.mp3
2026-08-26T00:02:28 update: removing To The Moon Series/Impostor Factory OST/41. Heartbeat (Music Box Vers.) - Kan Gao.mp3
2026-08-26T00:02:28 update: removing To The Moon Series/Impostor Factory OST/40. Heartbeat (Piano Vers.) - Kan Gao.mp3
2026-08-26T00:02:28 update: removing To The Moon Series/Impostor Factory OST/39. A Decision For Two - Kan Gao.mp3
2026-08-26T00:02:28 update: removing To The Moon Series/Impostor Factory OST/38. Predisposition (Piano Vers.) - Kan Gao.mp3
2026-08-26T00:02:28 update: removing To The Moon Series/Impostor Factory OST/37. Airsick - Kan Gao.mp3
2026-08-26T00:02:28 update: removing To The Moon Series/Impostor Factory OST/36. See the World   - Kan Gao.mp3
2026-08-26T00:02:28 update: removing To The Moon Series/Impostor Factory OST/35. Back Home - Kan Gao.mp3
2026-08-26T00:02:28 update: removing To The Moon Series/Impostor Factory OST/34. Days - Kan Gao.mp3
2026-08-26T00:02:28 update: removing To The Moon Series/Impostor Factory OST/33. The Machine - Kan Gao.mp3
2026-08-26T00:02:28 update: removing To The Moon Series/Impostor Factory OST/32. Basement Tour - Kan Gao.mp3
2026-08-26T00:02:28 update: removing To The Moon Series/Impostor Factory OST/31. Double O Six Point Five - Kan Gao.mp3
2026-08-26T00:02:28 update: removing To The Moon Series/Impostor Factory OST/30. Serenity [from To the Moon] - Kan Gao.mp3
2026-08-26T00:02:28 update: removing To The Moon Series/Impostor Factory OST/29. The Earth to Your Sky - Kan Gao.mp3
2026-08-26T00:02:28 update: removing To The Moon Series/Impostor Factory OST/28. See the World (Piano Vers.) - Kan Gao.mp3
2026-08-26T00:02:28 update: removing To The Moon Series/Impostor Factory OST/27. Finding the Notes - Kan Gao.mp3
2026-08-26T00:02:28 update: removing To The Moon Series/Impostor Factory OST/26. Library Days - Kan Gao.mp3
2026-08-26T00:02:28 update: removing To The Moon Series/Impostor Factory OST/25. Quincy - Kan Gao.mp3
2026-08-26T00:02:28 update: removing To The Moon Series/Impostor Factory OST/24. Another Morning - Kan Gao.mp3
2026-08-26T00:02:28 update: removing To The Moon Series/Impostor Factory OST/23. Earth or Sky (Night Vers.) - Kan Gao.mp3
2026-08-26T00:02:28 update: removing To The Moon Series/Impostor Factory OST/22. Somber Steps - Kan Gao.mp3
2026-08-26T00:02:28 update: removing To The Moon Series/Impostor Factory OST/21. Left to Chance - Kan Gao.mp3
2026-08-26T00:02:28 update: removing To The Moon Series/Impostor Factory OST/20. Earth or Sky (Day Vers.) - Kan Gao.mp3
2026-08-26T00:02:28 update: removing To The Moon Series/Impostor Factory OST/19. Twenty-Six Past Three (Void Version) - Kan Gao.mp3
2026-08-26T00:02:28 update: removing To The Moon Series/Impostor Factory OST/18. Twenty-Six Past Three - Kan Gao.mp3
2026-08-26T00:02:28 update: removing To The Moon Series/Impostor Factory OST/17. The Asylum - Kan Gao.mp3
2026-08-26T00:02:28 update: removing To The Moon Series/Impostor Factory OST/16. Vinyl Record - Kan Gao.mp3
2026-08-26T00:02:28 update: removing To The Moon Series/Impostor Factory OST/15. The Guests (Decayed Version 2) - Kan Gao.mp3
2026-08-26T00:02:28 update: removing To The Moon Series/Impostor Factory OST/14. Cat Scary - Kan Gao.mp3
2026-08-26T00:02:28 update: removing To The Moon Series/Impostor Factory OST/13. To Chase a Murderer - Kan Gao.mp3
2026-08-26T00:02:28 update: removing To The Moon Series/Impostor Factory OST/12. Tangents of Peculiarity - Kan Gao.mp3
2026-08-26T00:02:28 update: removing To The Moon Series/Impostor Factory OST/11. The Guests (Decayed Vers.) - Kan Gao.mp3
2026-08-26T00:02:28 update: removing To The Moon Series/Impostor Factory OST/10. Something Amiss [from To the Moon] - Kan Gao.mp3
2026-08-26T00:02:28 update: removing To The Moon Series/Impostor Factory OST/09. Twice a Stranger - Kan Gao.mp3
2026-08-26T00:02:28 update: removing To The Moon Series/Impostor Factory OST/08. The Guests - Kan Gao.mp3
2026-08-26T00:02:28 update: removing To The Moon Series/Impostor Factory OST/07. First Murder - Kan Gao.mp3
2026-08-26T00:02:28 update: removing To The Moon Series/Impostor Factory OST/06. Fuzzy Tumbles - Kan Gao.mp3
2026-08-26T00:02:28 update: removing To The Moon Series/Impostor Factory OST/05. The Observer - Kan Gao.mp3
2026-08-26T00:02:28 update: removing To The Moon Series/Impostor Factory OST/04. Make Yourself at Manor - Kan Gao.mp3
2026-08-26T00:02:28 update: removing To The Moon Series/Impostor Factory OST/03. A Shroud of Rain - Kan Gao.mp3
2026-08-26T00:02:28 update: removing To The Moon Series/Impostor Factory OST/02. Impostor Factory - Title Theme - Kan Gao.mp3
2026-08-26T00:02:28 update: removing To The Moon Series/Impostor Factory OST/01. Trailer Theme - Kan Gao.mp3
2026-08-26T00:02:28 update: removing To The Moon Series/Finding Paradise OST/58 Every Single Memory (by RIOTxRYKER).flac
2026-08-26T00:02:28 update: removing To The Moon Series/Finding Paradise OST/57 Ending Theme.flac
2026-08-26T00:02:28 update: removing To The Moon Series/Finding Paradise OST/56 Going Home.flac
2026-08-26T00:02:28 update: removing To The Moon Series/Finding Paradise OST/55 Faye's Theme (Piano Vers.).flac
2026-08-26T00:02:28 update: removing To The Moon Series/Finding Paradise OST/54 Wish My Life Away (by Laura Shigihara).flac
2026-08-26T00:02:28 update: removing To The Moon Series/Finding Paradise OST/53 Bestest Detectives (Reprise).flac
2026-08-26T00:02:28 update: removing To The Moon Series/Finding Paradise OST/52 The Fiction We Tell Ourselves.flac
2026-08-26T00:02:28 update: removing To The Moon Series/Finding Paradise OST/51 In the Way.flac
2026-08-26T00:02:28 update: removing To The Moon Series/Finding Paradise OST/50 Time is a Place (Void Vers.) -Unused-.flac
2026-08-26T00:02:28 update: removing To The Moon Series/Finding Paradise OST/49 Faye's Theme.flac
2026-08-26T00:02:28 update: removing To The Moon Series/Finding Paradise OST/48 The Scale Theme (Cello & Guitar Vers. 2).flac
2026-08-26T00:02:28 update: removing To The Moon Series/Finding Paradise OST/47 Breeze (from Quintessence - TBV).flac
2026-08-26T00:02:28 update: removing To The Moon Series/Finding Paradise OST/46 Final Confrontation.flac
2026-08-26T00:02:28 update: removing To The Moon Series/Finding Paradise OST/45 On the Run.flac
2026-08-26T00:02:28 update: removing To The Moon Series/Finding Paradise OST/44 Power Overwhelming.flac
2026-08-26T00:02:28 update: removing To The Moon Series/Finding Paradise OST/43 HNNNNNNGH.flac
2026-08-26T00:02:28 update: removing To The Moon Series/Finding Paradise OST/42 Something Amiss.flac
2026-08-26T00:02:28 update: removing To The Moon Series/Finding Paradise OST/41 Single-Thread Firewall.flac
2026-08-26T00:02:28 update: removing To The Moon Series/Finding Paradise OST/40 The Mirror Lied (from The Mirror Lied).flac
2026-08-26T00:02:28 update: removing To The Moon Series/Finding Paradise OST/39 What You're Up To.flac
2026-08-26T00:02:28 update: removing To The Moon Series/Finding Paradise OST/38 Days Go By.flac
2026-08-26T00:02:28 update: removing To The Moon Series/Finding Paradise OST/37 Paradise (Tropical Vers.).flac
2026-08-26T00:02:28 update: removing To The Moon Series/Finding Paradise OST/36 Floating By (from A Bird Story).flac
2026-08-26T00:02:28 update: removing To The Moon Series/Finding Paradise OST/35 Time is a Place (Rehearsal Vers.).flac
2026-08-26T00:02:28 update: removing To The Moon Series/Finding Paradise OST/34 Think Quietly.flac
2026-08-26T00:02:28 update: removing To The Moon Series/Finding Paradise OST/33 The Right Amount of Dumb (Vers. 2).flac
2026-08-26T00:02:28 update: removing To The Moon Series/Finding Paradise OST/32 From the Balcony (Finding Paradise Vers.).flac
2026-08-26T00:02:28 update: removing To The Moon Series/Finding Paradise OST/31 Time is a Place.flac
2026-08-26T00:02:28 update: removing To The Moon Series/Finding Paradise OST/30 A Moment to Sink In.flac
2026-08-26T00:02:28 update: removing To The Moon Series/Finding Paradise OST/29 Hospital Rush.flac
2026-08-26T00:02:28 update: removing To The Moon Series/Finding Paradise OST/28 Paradise (Guitar Vers.).flac
2026-08-26T00:02:28 update: removing To The Moon Series/Finding Paradise OST/27 The Scale Theme.flac
2026-08-26T00:02:28 update: removing To The Moon Series/Finding Paradise OST/26 The Scale Theme (Guitar & Cello Vers.).flac
2026-08-26T00:02:28 update: removing To The Moon Series/Finding Paradise OST/25 Wind from Our Younger Days.flac
2026-08-26T00:02:28 update: removing To The Moon Series/Finding Paradise OST/24 The Scale Theme (Piano & Cello Vers.).flac
2026-08-26T00:02:28 update: removing To The Moon Series/Finding Paradise OST/23 Kinda Like an Indie French Film.flac
2026-08-26T00:02:28 update: removing To The Moon Series/Finding Paradise OST/22 Time is a Place (Piano).flac
2026-08-26T00:02:28 update: removing To The Moon Series/Finding Paradise OST/21 The Right Amount of Dumb.flac
2026-08-26T00:02:28 update: removing To The Moon Series/Finding Paradise OST/20 Such Inspire Much Motivate.flac
2026-08-26T00:02:28 update: removing To The Moon Series/Finding Paradise OST/19 Across the Balcony.flac
2026-08-26T00:02:28 update: removing To The Moon Series/Finding Paradise OST/18 Time is a Place (Guitar).flac
2026-08-26T00:02:28 update: removing To The Moon Series/Finding Paradise OST/17 Across the Balcony (Celesta).flac
2026-08-26T00:02:28 update: removing To The Moon Series/Finding Paradise OST/16 Home (from A Bird Story).flac
2026-08-26T00:02:28 update: removing To The Moon Series/Finding Paradise OST/15 Where Are You (Duet Version).flac
2026-08-26T00:02:28 update: removing To The Moon Series/Finding Paradise OST/14 Time is a Place (Celesta Vers.).flac
2026-08-26T00:02:28 update: removing To The Moon Series/Finding Paradise OST/13 Paper Plane (from A Bird Story).flac
2026-08-26T00:02:28 update: removing To The Moon Series/Finding Paradise OST/12 Where Are You.flac
2026-08-26T00:02:28 update: removing To The Moon Series/Finding Paradise OST/11 Having Lived (Finding Paradise Version).flac
2026-08-26T00:02:28 update: removing To The Moon Series/Finding Paradise OST/10 Veil of Perception.flac
2026-08-26T00:02:28 update: removing To The Moon Series/Finding Paradise OST/09 Neil's Machine.flac
2026-08-26T00:02:28 update: removing To The Moon Series/Finding Paradise OST/08 A Different Kind of Work (Celesta).flac
2026-08-26T00:02:28 update: removing To The Moon Series/Finding Paradise OST/07 Bestest Detectives in the World (Indoor).flac
2026-08-26T00:02:28 update: removing To The Moon Series/Finding Paradise OST/06 Bestest Detectives in the World (Outdoor).flac
2026-08-26T00:02:28 update: removing To The Moon Series/Finding Paradise OST/05 Neil's Machine (Vibraphone).flac
2026-08-26T00:02:28 update: removing To The Moon Series/Finding Paradise OST/04 Serenity.flac
2026-08-26T00:02:28 update: removing To The Moon Series/Finding Paradise OST/03 A Different Kind of Work.flac
2026-08-26T00:02:28 update: removing To The Moon Series/Finding Paradise OST/02 Finding Paradise - Title Theme (Short Vers.).flac
2026-08-26T00:02:28 update: removing To The Moon Series/Finding Paradise OST/01 Finding Paradise - Trailer Theme.flac
2026-08-26T00:02:28 update: removing To The Moon Series/A Bird Story OST/40. A Bird Story (Piano).mp3
2026-08-26T00:02:28 update: removing To The Moon Series/A Bird Story OST/39. To the Moon - For River - Minigame Vers. (Holiday Special).mp3
2026-08-26T00:02:28 update: removing To The Moon Series/A Bird Story OST/38. Bestest Detectives in the World - Winter Vers. (Holiday Special).mp3
2026-08-26T00:02:28 update: removing To The Moon Series/A Bird Story OST/37. At the Gates (Holiday Special).mp3
2026-08-26T00:02:28 update: removing To The Moon Series/A Bird Story OST/36. Finding Paradise (Preview).mp3
2026-08-26T00:02:28 update: removing To The Moon Series/A Bird Story OST/35. Tomorrow (Credit).mp3
2026-08-26T00:02:28 update: removing To The Moon Series/A Bird Story OST/34. Bird Motif - 2.mp3
2026-08-26T00:02:28 update: removing To The Moon Series/A Bird Story OST/33. last balcony pt 2 (refined).mp3
2026-08-26T00:02:28 update: removing To The Moon Series/A Bird Story OST/32. last balcony pt 1 (refined).mp3
2026-08-26T00:02:28 update: removing To The Moon Series/A Bird Story OST/31. Balcony Days.mp3
2026-08-26T00:02:28 update: removing To The Moon Series/A Bird Story OST/30. The Fall.mp3
2026-08-26T00:02:28 update: removing To The Moon Series/A Bird Story OST/29. Tempest.mp3
2026-08-26T00:02:28 update: removing To The Moon Series/A Bird Story OST/28. Thunder Chase.mp3
2026-08-26T00:02:28 update: removing To The Moon Series/A Bird Story OST/27. Up Ahead.mp3
2026-08-26T00:02:28 update: removing To The Moon Series/A Bird Story OST/26. Heavy Rain Walk.mp3
2026-08-26T00:02:28 update: removing To The Moon Series/A Bird Story OST/25. Unhealed Wing.mp3
2026-08-26T00:02:28 update: removing To The Moon Series/A Bird Story OST/24. Raggedy Sax.mp3
2026-08-26T00:02:28 update: removing To The Moon Series/A Bird Story OST/23. On the Balcony.mp3
2026-08-26T00:02:28 update: removing To The Moon Series/A Bird Story OST/22. Paper Plane.mp3
2026-08-26T00:02:28 update: removing To The Moon Series/A Bird Story OST/21. home 2 cue.mp3
2026-08-26T00:02:28 update: removing To The Moon Series/A Bird Story OST/20. Today.mp3
2026-08-26T00:02:28 update: removing To The Moon Series/A Bird Story OST/19. Hereupon.mp3
2026-08-26T00:02:28 update: removing To The Moon Series/A Bird Story OST/18. Fleeting Glimpse.mp3
2026-08-26T00:02:28 update: removing To The Moon Series/A Bird Story OST/17. Floating By.mp3
2026-08-26T00:02:28 update: removing To The Moon Series/A Bird Story OST/16. Hide & Seek.mp3
2026-08-26T00:02:28 update: removing To The Moon Series/A Bird Story OST/15. Light as a Feather.mp3
2026-08-26T00:02:28 update: removing To The Moon Series/A Bird Story OST/14. My Home.mp3
2026-08-26T00:02:28 update: removing To The Moon Series/A Bird Story OST/13. [Cue] Bird Motif.mp3
2026-08-26T00:02:28 update: removing To The Moon Series/A Bird Story OST/12. [Cue] Mud Dash (Piano).mp3
2026-08-26T00:02:28 update: removing To The Moon Series/A Bird Story OST/11. [Cue] Mud Dash.mp3
2026-08-26T00:02:28 update: removing To The Moon Series/A Bird Story OST/10. The Rain Song.mp3
2026-08-26T00:02:28 update: removing To The Moon Series/A Bird Story OST/09. [Cue] Muffins.mp3
2026-08-26T00:02:28 update: removing To The Moon Series/A Bird Story OST/08. Bright & Early.mp3
2026-08-26T00:02:28 update: removing To The Moon Series/A Bird Story OST/07. after fall music.mp3
2026-08-26T00:02:28 update: removing To The Moon Series/A Bird Story OST/06. bef fall music.mp3
2026-08-26T00:02:28 update: removing To The Moon Series/A Bird Story OST/05. Home.mp3
2026-08-26T00:02:28 update: removing To The Moon Series/A Bird Story OST/04. Another Stroll.mp3
2026-08-26T00:02:28 update: removing To The Moon Series/A Bird Story OST/03. Yesterday (Reversing).mp3
2026-08-26T00:02:28 update: removing To The Moon Series/A Bird Story OST/02. Yesterday.mp3
2026-08-26T00:02:28 update: removing To The Moon Series/A Bird Story OST/01. A Bird Story (Title Theme).mp3
2026-08-26T00:02:28 update: removing 岁月成碑.abc
2026-08-26T00:02:28 update: removing 纸嫁衣广播剧/纸嫁衣3鸳鸯债下.m4a
2026-08-26T00:02:28 update: removing 纸嫁衣广播剧/纸嫁衣3鸳鸯债中.m4a
2026-08-26T00:02:28 update: removing 纸嫁衣广播剧/纸嫁衣3鸳鸯债上.m4a
2026-08-26T00:02:28 update: removing 纸嫁衣广播剧/纸嫁衣2奘铃村下.m4a
2026-08-26T00:02:28 update: removing 纸嫁衣广播剧/纸嫁衣2奘铃村上.m4a
2026-08-26T00:02:28 update: removing 白蛇：浮生/32何须问.wav
2026-08-26T00:02:28 update: removing 白蛇：浮生/31浮生一白.flac
2026-08-26T00:02:28 update: removing 白蛇：浮生/30人间值得.flac
2026-08-26T00:02:28 update: removing 白蛇：浮生/29文曲星降世.flac
2026-08-26T00:02:28 update: removing 白蛇：浮生/28玉笛破阵.flac
2026-08-26T00:02:28 update: removing 白蛇：浮生/27金刚狮子吼.flac
2026-08-26T00:02:28 update: removing 白蛇：浮生/26夜探许仙.flac
2026-08-26T00:02:28 update: removing 白蛇：浮生/25物换人非.flac
2026-08-26T00:02:28 update: removing 白蛇：浮生/24许宅变废墟.flac
2026-08-26T00:02:28 update: removing 白蛇：浮生/23法海设局.flac
2026-08-26T00:02:28 update: removing 白蛇：浮生/22随顺因缘.flac
2026-08-26T00:02:28 update: removing 白蛇：浮生/20斩蛇.flac
2026-08-26T00:02:28 update: removing 白蛇：浮生/19池边妙计.flac
2026-08-26T00:02:28 update: removing 白蛇：浮生/18昆仑盗仙草.flac
2026-08-26T00:02:28 update: removing 白蛇：浮生/17宝青秘境.flac
2026-08-26T00:02:28 update: removing 白蛇：浮生/16巨蟒现身.flac
2026-08-26T00:02:28 update: removing 白蛇：浮生/15密炼雄黄.flac
2026-08-26T00:02:28 update: removing 白蛇：浮生/14法海捉妖.flac
2026-08-26T00:02:28 update: removing 白蛇：浮生/13宝青戏坊.flac
2026-08-26T00:02:28 update: removing 白蛇：浮生/12送请帖.flac
2026-08-26T00:02:28 update: removing 白蛇：浮生/11库银失窃.flac
2026-08-26T00:02:28 update: removing 白蛇：浮生/10逍遥山涧.flac
2026-08-26T00:02:28 update: removing 白蛇：浮生/9小青盗官银.flac
2026-08-26T00:02:28 update: removing 白蛇：浮生/8鼠妖投毒.flac
2026-08-26T00:02:28 update: removing 白蛇：浮生/7红烛新婚.flac
2026-08-26T00:02:28 update: removing 白蛇：浮生/6许宅婚宴.flac
2026-08-26T00:02:28 update: removing 白蛇：浮生/21小青相亲.flac
2026-08-26T00:02:28 update: removing 白蛇：浮生/5赴约丰乐楼.flac
2026-08-26T00:02:28 update: removing 白蛇：浮生/4泛舟何须问.flac
2026-08-26T00:02:28 update: removing 白蛇：浮生/3断桥初识.flac
2026-08-26T00:02:28 update: removing 白蛇：浮生/2珠钗缘起.flac
2026-08-26T00:02:28 update: removing 白蛇：浮生/1前世记忆.flac
2026-08-26T00:02:28 update: removing To The Moon Series/To the Moon OST/33. Everything's Alright (Bonus Version).flac
2026-08-26T00:02:28 update: removing To The Moon Series/To the Moon OST/32 For River - Holiday Edition.flac
2026-08-26T00:02:28 update: removing To The Moon Series/To the Moon OST/31 Trailer Theme - Part 2 (Instrumental).flac
2026-08-26T00:02:28 update: removing To The Moon Series/To the Moon OST/30 Trailer Theme - Part 2 (feat. Laura Shigihara).flac
2026-08-26T00:02:28 update: removing To The Moon Series/To the Moon OST/29 Trailer Theme - Part 1.flac
2026-08-26T00:02:28 update: removing To The Moon Series/To the Moon OST/28 Eva's Ringtone.flac
2026-08-26T00:02:28 update: removing To The Moon Series/To the Moon OST/27 To the Moon  - Piano (Ending Version).flac
2026-08-26T00:02:28 update: removing To The Moon Series/To the Moon OST/26 Launch.flac
2026-08-26T00:02:28 update: removing To The Moon Series/To the Moon OST/25 Tomorrow.flac
2026-08-26T00:02:28 update: removing To The Moon Series/To the Moon OST/24 Everything's Alright (Reprise).flac
2026-08-26T00:02:28 update: removing To The Moon Series/To the Moon OST/23 Everything's Alright.flac
2026-08-26T00:02:28 update: removing To The Moon Series/To the Moon OST/22 Once Upon a Memory (Piano).flac
2026-08-26T00:02:28 update: removing To The Moon Series/To the Moon OST/21 Once Upon a Memory.flac
2026-08-26T00:02:28 update: removing To The Moon Series/To the Moon OST/20 World's Smallest Ferris Wheel.flac
2026-08-26T00:02:28 update: removing To The Moon Series/To the Moon OST/19 Beta-B.flac
2026-08-26T00:02:28 update: removing To The Moon Series/To the Moon OST/18 Warning (AKA best track ever).flac
2026-08-26T00:02:28 update: removing To The Moon Series/To the Moon OST/17 Take Me Anywhere.flac
2026-08-26T00:02:28 update: removing To The Moon Series/To the Moon OST/16 Anya by the Stars.flac
2026-08-26T00:02:28 update: removing To The Moon Series/To the Moon OST/15 Moongazer.flac
2026-08-26T00:02:28 update: removing To The Moon Series/To the Moon OST/14 Everything's Alright (Music Box).flac
2026-08-26T00:02:28 update: removing To The Moon Series/To the Moon OST/13 Lament of a Stranger.flac
2026-08-26T00:02:28 update: removing To The Moon Series/To the Moon OST/12 For River - Piano (Johnny's Version).flac
2026-08-26T00:02:28 update: removing To The Moon Series/To the Moon OST/11 Born a Stranger.flac
2026-08-26T00:02:28 update: removing To The Moon Series/To the Moon OST/10 Moonwisher.flac
2026-08-26T00:02:28 update: removing To The Moon Series/To the Moon OST/09 Having Lived.flac
2026-08-26T00:02:28 update: removing To The Moon Series/To the Moon OST/08 Uncharted Realms.flac
2026-08-26T00:02:28 update: removing To The Moon Series/To the Moon OST/07 Teddy.flac
2026-08-26T00:02:28 update: removing To The Moon Series/To the Moon OST/06 Too Bad So Sad.flac
2026-08-26T00:02:28 update: removing To The Moon Series/To the Moon OST/05 Bestest Detectives in the World.flac
2026-08-26T00:02:28 update: removing To The Moon Series/To the Moon OST/04 For River - Piano (Sarah & Tommy's Version).flac
2026-08-26T00:02:28 update: removing To The Moon Series/To the Moon OST/03 Spiral of Secrets.flac
2026-08-26T00:02:28 update: removing To The Moon Series/To the Moon OST/02 Between a Squirrel and a Tree.flac
2026-08-26T00:02:28 update: removing To The Moon Series/To the Moon OST/01 To the Moon - Main Theme.flac
2026-08-26T00:02:28 update: removing To The Moon Series/Just A To the Moon Series Beach OST/22. I Still Remember Everything.flac
2026-08-26T00:02:28 update: removing To The Moon Series/Just A To the Moon Series Beach OST/21. World in a Memory.flac
2026-08-26T00:02:28 update: removing To The Moon Series/Just A To the Moon Series Beach OST/20. Neil and Eva Lofi Medley.flac
2026-08-26T00:02:28 update: removing To The Moon Series/Just A To the Moon Series Beach OST/19. Impostor Factory Lofi Medley.flac
2026-08-26T00:02:28 update: removing To The Moon Series/Just A To the Moon Series Beach OST/18. Finding Paradise Lofi Medley.flac
2026-08-26T00:02:28 update: removing To The Moon Series/Just A To the Moon Series Beach OST/17. To the Moon Lofi Medley.flac
2026-08-26T00:02:28 update: removing To The Moon Series/Just A To the Moon Series Beach OST/16. Victory Theme - Rob.flac
2026-08-26T00:02:28 update: removing To The Moon Series/Just A To the Moon Series Beach OST/15. Victory Theme - Roxie.flac
2026-08-26T00:02:28 update: removing To The Moon Series/Just A To the Moon Series Beach OST/14. Victory Theme - Neil.flac
2026-08-26T00:02:28 update: removing To The Moon Series/Just A To the Moon Series Beach OST/13. Victory Theme - Eva.flac
2026-08-26T00:02:28 update: removing To The Moon Series/Just A To the Moon Series Beach OST/12. Arcade - Bestest Hero.flac
2026-08-26T00:02:28 update: removing To The Moon Series/Just A To the Moon Series Beach OST/11. Kaire's Theme (Quintessence) - Lobby Piano Version.flac
2026-08-26T00:02:28 update: removing To The Moon Series/Just A To the Moon Series Beach OST/10. Envy (Quintessence) - Lobby Piano Version.flac
2026-08-26T00:02:28 update: removing To The Moon Series/Just A To the Moon Series Beach OST/09. To Realize (Quintessence) - Lobby Piano Version.flac
2026-08-26T00:02:28 update: removing To The Moon Series/Just A To the Moon Series Beach OST/08. Lullaby from a Star - Lobby Piano Version.flac
2026-08-26T00:02:28 update: removing To The Moon Series/Just A To the Moon Series Beach OST/07. Faye's Theme - Lobby Piano Version.flac
2026-08-26T00:02:28 update: removing To The Moon Series/Just A To the Moon Series Beach OST/06. Time is a Place - Lobby Piano Version.flac
2026-08-26T00:02:28 update: removing To The Moon Series/Just A To the Moon Series Beach OST/05. Born a Stranger - Lobby Piano Version.flac
2026-08-26T00:02:28 update: removing To The Moon Series/Just A To the Moon Series Beach OST/04. For River - Lobby Piano Version.flac
2026-08-26T00:02:28 update: removing To The Moon Series/Just A To the Moon Series Beach OST/03. The Day Off (Bus Map Music).flac
2026-08-26T00:02:28 update: removing To The Moon Series/Just A To the Moon Series Beach OST/02. (Title Theme) Just a To the Moon Series Beach Episode.flac
2026-08-26T00:02:28 update: removing To The Moon Series/Just A To the Moon Series Beach OST/01. (Trailer Theme) Just a To the Moon Series Beach Episode.flac
2026-08-26T00:02:28 update: removing To The Moon Series/Impostor Factory OST/61. Great Wide Unknown (Bonus Song) - Pealeaf.mp3
2026-08-26T00:02:28 exception: Failed to open /home/beiming/.config/mpd/playlist: No such file or directory
2026-08-26T00:02:28 exception: Failed to open /home/beiming/.config/mpd/playlist: No such file or directory
2026-08-26T00:02:37 output: Failed to open mixer for "Default ALSA": no such mixer control: PCM
2026-08-26T00:02:38 alsa_output: Decoder is too slow; playing silence to avoid xrun
2026-08-26T00:07:55 player: played "大鱼（唱片版） 初耳TRUTHEAR GATE(杨仕64单+宁梵MS42套) 模拟 爱珈声学 升华sublimation(外白半透导管黑).wav"
2026-08-26T00:07:55 output: Failed to open mixer for "Default ALSA": no such mixer control: PCM
2026-08-26T00:13:12 player: played "大鱼海棠/大鱼（唱片版）.flac"
2026-08-26T00:13:12 output: Failed to open mixer for "Default ALSA": no such mixer control: PCM
2026-08-26T00:13:26 player: played "大鱼海棠/湫兮如风.flac"
